{"HOME":{"HELLO":"Hallo","WELCOME":"Willkommen"},"LOGOUT":"Ausloggen"}