{"HOME":{"HELLO":"hello","WELCOME":"welcome"},"LOGOUT":"Logout"}